[   0.00000] Linx ersion 150-43-gener (buildd@lgw01-amd4-001) (cc version 7.3.0 (Ubuntu 7.3.0-16ubuntu3)) #46-Ubuntu SMP Thu Dec 6 14:45:28 UTC 2018 (Ubuntu 4.15.0-43.46-generic 4.15.18)
[    0.000000] Command line: BOOT_IMAGE=/boot/vmlinuz-4.15.0-43-geeric root=LABEL=cloudimg-rootfs ro console=tty1 console=ttyS0
[    0.000000] KERNEL supported cpus:
[    0.000000]   Intel GenuineIntel
[    0.000000]   AMD AuthenticAMD
[    0.000000]   Centaur CentaurHauls

[    0.000000] x86/fpu: Supporting XSAVE feature 0x001: 'x87 floating point registers'
[    0.000000] x86/fpu: Supporting XSAVE feature 0x002: 'SSE registers'
[    0.000000] x86/fpu: Supporting XSAVE feature 0x004: 'AVX registers'
[    0.000000] x86/fpu: xstate_offset[2]:  576, xstate_sizes[2]:  256
[    0.000000] x86/fpu: Enabled xstate features 0x7, context size is 832 bytes, using 'standard' format.
[    0.000000] e820: BIOS-provided physical RAM map:
[    0.000000] BIOS-e820: [mem 0x0000000000000000-0x000000000009fbff] usable
[    0.000000] BIOS-e820: [mem 0x000000000009fc00-0x000000000009ffff] reserved
[    0.000000] BIOS-e820: [mem 0x00000000000f0000-0x00000000000fffff] reserved
[    0.000000] BIOS-e820: [mem 0x000000000100000x0000003ffeff]usable
[    .000000]BIS-e820: [mem0x00000003f0000-0x0000003ffff] ACPI daa
[    0.00000 BIOS-e820: [mem 0x0000000fec000000x0000000ec0fff] esrved
[   0.000000]BIS-82 [mem x000000fee0000-0x00000000fee00fff] reserved
[    0.000000] BIOS-e820: [mem 0x00000000fffc0000-0x00000000ffffffff] reserved
[    0.000000] NX (Execute Disable) protection: active
[    0.000000] SMBIOS 2.5 present.
[    0.000000] DMI: innotek GmbH VirtualBox/VirtualBox, BIOS VirtualBox 12/01/2006
[    0.000000] Hypervisor detected: KVM
[    0.000000] e820: last_pfn = 0x3fff0 max_arch_pfn = 0x400000000
[    0.000000] MTRR: Disabled
[    0.000000] x86/PAT: MTRRs disabled, skipping PAT initialization too.
[    0.000000] CPU MTRRs all blank - virtualized system.
[    0.000000] x86/PAT: Configuration [0-7]: WB  WT  UC- UC  WB  WT  UC- UC  
[    0.000000] found SMP MP-table at [mem 0x0009fff0-0x0009ffff] mapped at [        (ptrval)]
[    0.000000] Scanning 1  areas for low memory corruption
[    0.000000] RAMDISK: [mem 0x359cb000-0x36cdcfff]
[    0.000000] ACPI: Early table checksum verification disabled
[    0.000000] ACPI: RSDP 0x00000000000E0000 000024 (v02 VBOX  )
[    0.000000] ACPI: XSDT 0x000000003FFF0030 00003C (v01 VBOX   VBOXXSDT 00000001 ASL  00000061)
[    0.000000] ACPI: FACP 0x000000003FFF00F0 0000F4 (v04 VBOX   VBOXFACP 00000001 ASL  00000061)
[    0.000000] ACPI: DSDT 0x000000003FFF0470 0021FF (v02 VBOX   VBOXBIOS 00000002 INTL 20100528)
[    0.000000] ACPI: FACS 0x000000003FFF0200 000040
[    0.000000] ACPI: FACS 0x000000003FFF0200 000040
[    0.000000] ACPI: APIC 0x000000003FFF0240 00005C (v02 VBOX   VBOXAPIC 00000001 ASL  00000061)
[    0.000000] ACPI: SSDT 0x000000003FFF02A0 0001CC (v01 VBOX   VBOXCPUT 00000002 INTL 20100528)
[    0.00000] o NUA nfiguation found
[  0.000000] Faknga node at [mm 000000000000000-0x0000003feffff]
[    00000] NODEDAA() alocated [mem 0x3ffc5000-0x3ffeffff]
[    0.000000] kvm-clock: cpu 0, msr 0:3ff44001, primary cpu clock
[    0.000000] kvm-clock: Using msrs 4b564d01 and 4b564d00
[    0.000000] kvm-clock: using sched offset of 4076202047 cycles
[    0.000000] clocksource: kvm-clock: mask: 0xffffffffffffffff max_cycles: 0x1cd42e4dffb, max_idle_ns: 881590591483 ns
[    0.000000] Zone ranges:
[    0.000000]   DMA      [mem 0x0000000000001000-0x0000000000ffffff]
[    0.000000]   DMA32    [mem 0x0000000001000000-0x000000003ffeffff]
[    0.000000]   Normal   empty
[    0.000000]   Device   empty
[    0.000000] Mvae zone sar for each node
  0.000000] Early memory node ranges
[    0.000000]   node   0: [mem 0x0000000000001000-0x000000000009efff]
[    0.000000]   node   0: [mem 0x0000000000100000-0x000000003ffeffff]
[    0.000000] Initmem setup node 0 [mem 0x0000000000001000-0x000000003ffeffff]
[    0.000000] Resered but unaailae: 98 pages
[    0.000000] ACPI: PM-TierIOort: 0408
[   0.000000] IOAPIC[0]: apic_id 2, version 32, address 0xfec00000, GSI 0-23
[    0.000000] ACPI: INT_SRC_OVR (bus 0 bus_irq 0 global_irq 2 dfl dfl)
[    0.000000] ACPI: INT_SRC_OVR (bus 0 bus_irq 9 global_irq 9 low level)
[    0.000000] Using ACPI (MADT) for SMP configuration information
[    0.000000] smpboot: Allowing 2 CPUs, 0 hotplug CPUs
[    0.000000] PM: Registered nosave memory: [mem 0x00000000-0x00000fff]
[    0.000000] PM: Registered nosave memory: [mem 0x0009f000-0x0009ffff]
[    0.000000] PM: Registered nosave memory: [mem 0x000a0000-0x000effff]
[    0.000000] PM: Registered nosave memory: [mem 0x000f0000-0x000fffff]
[    0.000000] e820: [mem 0x40000000-0xfebfffff] available for PCI devices
[    0.000000] Booting paravirtualized kernel on KVM
[    0.000000] clocksource: refined-jiffies: mask: 0xffffffff max_cycles: 0xfffffffff, max_idle_ns: 7645519600211568 ns
[    0.000000] random: get_random_bytes called from start_kernel+0x99/0x4fd with crng_init=0
[    0.000000] setup_percpu: NR_CPUS:8192 nr_cpumask_bits:2 nr_cpu_ids:2 nr_node_ids:1
[    0.000000] percpu: Embedded 46 pages/cpu @        (ptrval) s151552 r8192 d28672 u1048576
[    0.000000] PV qspinlock hash table entries: 256 (order: 0, 4096 bytes)
[    0.000000] Built 1 zonelists, mobility grouping on.  Total pages: 257913
[    0.000000] Policy zone: DMA32
[    0.000000] Kernel command line: BOOT_IMAGE=/boot/vmlinuz-4.15.0-43-generic root=LABEL=cloudimg-rootfs ro console=tty1 console=ttyS0
[    0.000000] Memory: 983056K/1048120K available (12300K kernel code, 2472K rwdata, 4252K rodata, 2408K init, 2416K bss, 65064K reserved, 0K cma-reserved)
[    0.000000] SLUB: HWalign=64, Order=0-3, MinObjects=0, CPUs=2, Nodes=1
[    0.000000] Kernel/User page tables isolation: enabled
[    0.000000] ftrace: allocating 39186 entries in 154 pages
[    0.004000] Hierarchical RCU implementation.
[    0.004000] 	RCU restricting CPUs from NR_CPUS=8192 to nr_cpu_ids=2
[   0.04000]	Tks RCU enable
[   0.0400] CU Adjstng geoety orrcfanoutea=16,nrcpu_id=2
[    0.0000] NR_IRQS: 52444 nr_irqs: 44, realcatedrq: 16
  0.004000]Consoe: colour VGA+ 80x25
[    0.004000] console [tty1] enabled
[   0.004000] console [ttyS0] enabled
[    0.004000] ACPI: Core revision 20170831
[    0.004000] ACPI: 2 ACPI AML tables successfully acquired and loaded
[    0.004000] APIC: Switch to symmetric I/O mode setup
[    0.004000] x2apic enabled
[    0.004000] Switched APIC routing to pysicl x2apic.
[    0.005101] ..TIMER: vector=0x30 apic1=0 pin1=2 apic2=-1 pin2=-1
[    0.008007] tsc: Detected 2303.998 MHz processor
[    0.009506] Calibrating delay loop (skipped) preset value.. 4607.99 BogoMIPS (lpj=9215992)
[    0.012009] pid_max: default: 32768 minimum: 301
[    0.013222] Security Framework initialized
[    0.016002] Yama: becoming mindful.
[    0.016871] AppArmor: AppArmor initialized
[    0.020060] Dentry cache hash table entries: 131072 (order: 8, 1048576 bytes)
[    0.021804] Inode-cache hash table entries: 65536 (order: 7, 524288 bytes)
[    0.023411] Mount-cache hash table entries: 2048 (order: 2, 16384 bytes)
[    0.024005] Mountpoint-cache hash table entries: 2048 (order: 2, 16384 bytes)
[    0.025840] mce: CPU supports 0 MCE banks
[    0.028023] Last level iTLB entries: 4KB 64, 2MB 8, 4MB 8
[    0.032008] Last level dTLB entries: 4KB 64, 2MB 0, 4MB 0, 1GB 4
[    0.036008] Spectre V2 : Mitigation: Full generic retpoline
[    0.037282] Spectre V2 : Spectre v2 / SpectreRSB mitigation: Filling RSB on context switch
[    0.040005] Speculative Store Bypass: Vulnerable
[    0.044087] Freeing SMP alternatives memory: 36K
[    0.052000] smpboot: CPU0: Intel(R) Core(TM) i5-8259U CPU @ 2.30GHz (family: 0x6, model: 0x8e, stepping: 0xa)
[    0.052093] Performance Events: unsupported p6 CPU model 142 no PMU driver, software events only.
[    0.056071] Hierarchical SRCU implementation.
[    0.060572] NMI watchdog: Perf event create on CPU 0 failed with -2
[    0.062500] NMI watchdog: Perf NMI watchdog permanently disabled
[    0.064063] smp: Bringing up secondary CPUs ...
[    0.065465] x86: Booting SMP configuration:
[    0.068003] .... node  #0, CPUs:      #1
[    0.004000] kvm-clock: cpu 1, msr 0:3ff44041, secondary cpu clock
[    0.004000] mce: CPU supports 0 MCE banks
[    0.074481] smp: Brought up 1 node, 2 CPUs
[    0.074481] smpboot: Max logical packages: 1
[    0.076005] smpboot: Total of 2 processors activated (9215.99 BogoMIPS)
[    0.077934] devtmpfs: initialized
[    0.080051] x86/mm: Memory block size: 128MB
[    0.081431] evm: security.selinux
[    0.082370] evm: security.SMACK64
[    0.084004] evm: security.SMACK64EXEC
[    0.085122] evm: security.SMACK64TRANSMUTE
[    0.086270] evm: security.SMACK64MMAP
[    0.088003] evm: security.apparmor
[    0.088921] evm: security.ima
[    0.089716] evm: security.capability
[    0.090893] clocksource: jiffies: mask: 0xffffffff max_cycles: 0xffffffff, max_idle_ns: 7645041785100000 ns
[    0.092031] futex hash table entries: 512 (order: 3, 32768 bytes)
[    0.096030] pinctrl core: initialized pinctrl subsystem
[    0.099570] RTC time:  2:22:26, date: 01/16/19
[    0.100199] NET: Registered protocol family 16
[    0.101524] audit: initializing netlink subsys (disabled)
[    0.104028] audit: type=2000 audit(1547605347.396:1): state=initialized audit_enabled=0 res=1
[    0.106092] cpuidle: using governor ladder
[    0.106092] cpuidle: using governor menu
[    0.106092] ACPI: bus type PCI registered
[    0.108004] acpiphp: ACPI Hot Plug PCI Controller Driver version: 0.5
[    0.109692] PCI: Using configuration type 1 for base access
[    0.112783] HugeTLB registered 2.00 MiB page size, pre-allocated 0 pages
[    0.120086] ACPI: Added _OSI(Module Device)
[    0.124019] ACPI: Added _OSI(Processor Device)
[    0.128008] ACPI: Added _OSI(3.0 _SCP Extensions)
[    0.132004] ACPI: Added _OSI(Processor Aggregator Device)
[    0.136005] ACPI: Added _OSI(Linux-Dell-Video)
[    0.140006] ACPI: Added _OSI(Linux-Lenovo-NV-HDMI-Audio)
[    0.144436] ACPI: Executed 1 blocks of module-level executable AML code
[    0.150767] ACPI: Interpreter enabled
[    0.152020] ACPI: (supports S0 S5)
[    0.156006] ACPI: Using IOAPIC for interrupt routing
[    0.160233] PCI: Using host bridge windows from ACPI; if necessary, use "pci=nocrs" and report a bug
[    0.164243] ACPI: Enabled 2 GPEs in block 00 to 07
[    0.178256] ACPI: PCI Root Bridge [PCI0] (domain 0000 [bus 00-ff])
[    0.180022] acpi PNP0A03:00: _OSC: OS supports [ASPM ClockPM Segments MSI]
[    0.184054] acpi PNP0A03:00: _OSC: not requesting OS control; OS requires [ExtendedConfig ASPM ClockPM MSI]
[    0.188021] acpi PNP0A03:00: fail to add MMCONFIG information, can't access extended PCI configuration space under this bridge.
[    0.192238] PCI host bridge to bus 0000:00
[    0.193518] pci_bus 0000:00: root bus resource [io  0x0000-0x0cf7 window]
[    0.196010] pci_bus 0000:00: root bus resource [io  0x0d00-0xffff window]
[    0.198773] pci_bus 0000:00: root bus resource [mem 0x000a0000-0x000bffff window]
[    0.200005] pci_bus 0000:00: root bus resource [mem 0x40000000-0xfdffffff window]
[    0.204004] pci_bus 0000:00: root bus resource [bus 00-ff]
[    0.209039] pci 0000:00:01.1: legacy IDE quirk: reg 0x10: [io  0x01f0-0x01f7]
[    0.211232] pci 0000:00:01.1: legacy IDE quirk: reg 0x14: [io  0x03f6]
[    0.212003] pci 0000:00:01.1: legacy IDE quirk: reg 0x18: [io  0x0170-0x0177]
[    0.216003] pci 0000:00:01.1: legacy IDE quirk: reg 0x1c: [io  0x0376]
[    0.234825] pci 0000:00:07.0: quirk: [io  0x4000-0x403f] claimed by PIIX4 ACPI
[    0.236021] pci 0000:00:07.0: quirk: [io  0x4100-0x410f] claimed by PIIX4 SMB
[    0.251365] ACPI: PCI Interrupt Link [LNKA] (IRQs 5 9 10 *11)
[    0.252563] ACPI: PCI Interrupt Link [LNKB] (IRQs 5 9 *10 11)
[    0.256179] ACPI: PCI Interrupt Link [LNKC] (IRQs 5 *9 10 11)
[    0.260176] ACPI: PCI Interrupt Link [LNKD] (IRQs 5 9 10 *11)
[    0.264425] SCSI subsystem initialized
[    0.268073] pci 0000:00:02.0: vgaarb: setting as boot VGA device
[    0.272000] pci 0000:00:02.0: vgaarb: VGA device added: decodes=io+mem,owns=io+mem,locks=none
[    0.272012] pci 0000:00:02.0: vgaarb: bridge control possible
[    0.276005] vgaarb: loaded
[    0.280058] ACPI: bus type USB registered
[    0.284045] usbcore: registered new interface driver usbfs
[    0.285308] usbcore: registered new interface driver hub
[    0.288047] usbcore: registered new device driver usb
[    0.292094] EDAC MC: Ver: 3.0.0
[    0.296405] PCI: Using ACPI for IRQ routing
[    0.300724] NetLabel: Initializing
[    0.304008] NetLabel:  domain hash size = 128
[    0.305223] NetLabel:  protocols = UNLABELED CIPSOv4 CALIPSO
[    0.308027] NetLabel:  unlabeled traffic allowed by default
[    0.309679] clocksource: Switched to clocksource kvm-clock
[    0.322695] VFS: Disk quotas dquot_6.6.0
[    0.324388] VFS: Dquot-cache hash table entries: 512 (order 0, 4096 bytes)
[    0.326364] AppArmor: AppArmor Filesystem Enabled
[    0.327728] pnp: PnP ACPI init
[    0.330237] pnp: PnP ACPI: found 3 devices
[    0.343443] clocksource: acpi_pm: mask: 0xffffff max_cycles: 0xffffff, max_idle_ns: 2085701024 ns
[    0.345922] NET: Registered protocol family 2
[    0.349243] TCP established hash table entries: 8192 (order: 4, 65536 bytes)
[    0.350909] TCP bind hash table entries: 8192 (order: 5, 131072 bytes)
[    0.352545] TCP: Hash tables configured (established 8192 bind 8192)
[    0.354030] UDP hash table entries: 512 (order: 2, 16384 bytes)
[    0.355402] UDP-Lite hash table entries: 512 (order: 2, 16384 bytes)
[    0.356861] NET: Registered protocol family 1
[    0.357901] pci 0000:00:00.0: Limiting direct PCI/PCI transfers
[    0.359384] pci 0000:00:01.0: Activating ISA DMA hang workarounds
[   0.333 p 00::0.0Vio vi wh adedOMt em 0x000c0000-x000dffff]
[    1.098308] Unpackngnitramfs..
[    1.536845] Freeing initrd memory: 19528K
[    1.598182] platform rtc_cmos: registered platform RTC device (no PNP device found)
[    1.609888] Scanning for low memory corruption every 60 seconds
[    1.612547] Initialise system trusted keyrings
[    1.616998] Key type blacklist registered
[    1.618238] workingset: timestamp_bits=36 max_order=18 bucket_order=0
[    1.701473] zbud: loaded
[    1.808603] squashfs: version 4.0 (2009/01/31) Phillip Lougher
[    2.000515] fuse init (API version 7.26)
[    2.099258] Key type asymmetric registered
[    2.208251] Asymmetric key parser 'x509' registered
[    2.366190] Block layer SCSI generic (bsg) driver version 0.4 loaded (major 246)
[    2.467064] io scheduler noop registered
[    2.507191] io scheduler deadline registered
[    2.510557] io scheduler cfq registered (default)
[    2.512509] ACPI: AC Adapter [AC] (on-line)
[    2.513801] input: Power Button as /devices/LNXSYSTM:00/LNXPWRBN:00/input/input0
[    2.517030] ACPI: Power Button [PWRF]
[    2.518242] input: Sleep Button as /devices/LNXSYSTM:00/LNXSLPBN:00/input/input1
[    2.520684] ACPI: Sleep Button [SLPF]
[    2.522427] Serial: 8250/16550 driver, 32 ports, IRQ sharing enabled
[    2.524252] ACPI: Battery Slot [BAT0] (battery present)
[    2.550656] 00:02: ttyS0 at I/O 0x3f8 (irq = 4, base_baud = 115200) is a 16550A
[    2.556534] Linux agpgart interface v0.103
[    2.558593] loop: module loaded
[    2.559957] scsi host0: ata_piix
[    2.560924] scsi host1: ata_piix
[    2.561750] ata1: PATA max UDMA/33 cmd 0x1f0 ctl 0x3f6 bmdma 0xd000 irq 14
[    2.563322] ata2: PATA max UDMA/33 cmd 0x170 ctl 0x376 bmdma 0xd008 irq 15
[    2.565033] libphy: Fixed MDIO Bus: probed
[    2.576443] tun: Universal TUN/TAP device driver, 1.6
[    2.657774] tsc: Refined TSC clocksource calibration: 2304.360 MHz
[    2.766542] clocksource: tsc: mask: 0xffffffffffffffff max_cycles: 0x21374befd80, max_idle_ns: 440795251154 ns
[    2.766649] PPP generic driver version 2.4.2
[    2.766721] ehci_hcd: USB 2.0 'Enhanced' Host Controller (EHCI) Driver
[    2.766728] ehci-pci: EHCI PCI platform driver
[    2.766750] ehci-platform: EHCI generic platform driver
[    2.766755] ohci_hcd: USB 1.1 'Open' Host Controller (OHCI) Driver
[    2.766756] ohci-pci: OHCI PCI platform driver
[    2.766760] ohci-platform: OHCI generic platform driver
[    2.766764] uhci_hcd: USB Universal Host Controller Interface driver
[    2.766809] i8042: PNP: PS/2 Controller [PNP0303:PS2K,PNP0f03:PS2M] at 0x60,0x64 irq 1,12
[    2.767202] serio: i8042 KBD port at 0x60,0x64 irq 1
[    2.767227] serio: i8042 AUX port at 0x60,0x64 irq 12
[    2.767274] mousedev: PS/2 mouse device common for all mice
[    2.767599] rtc_cmos rtc_cmos: rtc core: registered rtc_cmos as rtc0
[    2.767641] rtc_cmos rtc_cmos: alarms up to one day, 114 bytes nvram
[    2.767646] i2c /dev entries driver
[    2.767651] pcie_mp2_amd: AMD(R) PCI-E MP2 Communication Driver Version: 1.0
[    2.767704] device-mapper: uevent: version 1.0.3
[    2.767741] device-mapper: ioctl: 4.37.0-ioctl (2017-09-20) initialised: dm-devel@redhat.com
[    3.490456] input: AT Translated Set 2 keyboard as /devices/platform/i8042/serio0/input/input2
[    3.637423] ledtrig-cpu: registered to indicate activity on CPUs
[    3.640251] NET: Registered protocol family 10
[    3.645614] Segment Routing with IPv6
[    3.646697] NET: Registered protocol family 17
[    3.648041] Key type dns_resolver registered
[    3.649662] RAS: Correctable Errors collector initialized.
[    3.651174] sched_clock: Marking stable (3649549587, 0)->(10280293921, -6630744334)
[    3.653457] registered taskstats version 1
[    3.654468] Loading compiled-in X.509 certificates
[    3.657388] Loaded X.509 cert 'Build time autogenerated kernel key: 6afcca3ddc80072aeae87585a7fdb65d40603f58'
[    3.659696] zswap: loaded using pool lzo/zbud
[    3.664693] Key type big_key registered
[    3.665871] Key type trusted registered
[    3.668156] Key type encrypted registered
[    3.669142] AppArmor: AppArmor sha1 policy hashing enabled
[    3.670438] ima: No TPM chip found, activating TPM-bypass! (rc=-19)
[    3.671901] ima: Allocated hash algorithm: sha1
[    3.673126] evm: HMAC attrs: 0x1
[    3.674269]   Magic number: 3:203:359
[    3.675272] rtc_cmos rtc_cmos: setting system clock to 2019-01-16 02:22:32 UTC (1547605352)
[    3.730254] BIOS EDD facility v0.16 2004-Jun-25, 0 devices found
[    3.777987] EDD information not available.
[    3.793076] Freeing unused kernel memory: 2408K
[    3.872135] Write protecting the kernel read-only data: 20480k
[    3.959090] Freeing unused kernel memory: 2008K
[    4.055627] Freeing unused kernel memory: 1892K
[    4.947638] x86/mm: Checked W+X mappings: passed, no W+X pages found.
[    4.949207] x86/mm: Checking user space page tables
[    4.954368] x86/mm: Checked W+X mappings: passed, no W+X pages found.
Loading, please wait...
starting version 237
[    5.011596] e1000: Intel(R) PRO/1000 Network Driver - version 7.3.21-k8-NAPI
[    5.059557] e1000: Copyright (c) 1999-2006 Intel Corporation.
[    5.069174] Fusion MPT base driver 3.04.20
[    5.093482] Copyright (c) 1999-2008 LSI Corporation
[    5.148132] vboxvideo: loading out-of-tree module taints kernel.
[    5.196541] vboxvideo: module verification failed: signature and/or required key missing - tainting kernel
[    5.198018] AVX2 version of gcm_enc/dec engaged.
[    5.198018] AES CTR mode by8 optimization enabled
[    5.381082] input: ImExPS/2 Generic Explorer Mouse as /devices/platform/i8042/serio1/input/input4
[    5.514636] Fusion MPT SPI Host driver 3.04.20
[    5.902967] e1000 0000:00:03.0 eth0: (PCI:33MHz:32-bit) 02:2f:73:ea:27:92
[    6.032219] e1000 0000:00:03.0 eth0: Intel(R) PRO/1000 Network Connection
[    6.169244] [drm] VRAM 01000000
[    6.225125] [TTM] Zone  kernel: Available graphics memory: 504464 kiB
[    6.229903] [TTM] Initializing pool allocator
[    6.230977] [TTM] Initializing DMA pool allocator
[    6.233633] fbcon: vboxdrmfb (fb0) is primary device
[    6.236638] Console: switching to colour frame buffer device 100x37
[    6.478372] vboxvideo 0000:00:02.0: fb0: vboxdrmfb frame buffer device
[    6.672168] [drm] Initialized vboxvideo 1.0.0 20130823 for 0000:00:02.0 on minor 0
[    6.860441] mptbase: ioc0: Initiating bringup
[    6.988584] ioc0: LSI53C1030 A0: Capabilities={Initiator}
[    7.332451] scsi host2: ioc0: LSI53C1030 A0, FwRev=00000000h, Ports=1, MaxQ=256, IRQ=20
[    7.673360] scsi 2:0:0:0: Direct-Access     VBOX     HARDDISK         1.0  PQ: 0 ANSI: 5
[    8.044132] scsi target2:0:0: Beginning Domain Validation
[    8.093563] e1000 0000:00:08.0 eth1: (PCI:33MHz:32-bit) 08:00:27:af:f0:b5
[    8.093568] e1000 0000:00:08.0 eth1: Intel(R) PRO/1000 Network Connection
[    8.488952] e1000 0000:00:03.0 enp0s3: renamed from eth0
[    8.633868] scsi target2:0:0: Domain Validation skipping write tests
[    8.635247] scsi target2:0:0: Ending Domain Validation
[    8.700834] scsi target2:0:0: asynchronous
[    8.738092] random: fast init done
[    8.792692] scsi 2:0:1:0: Direct-Access     VBOX     HARDDISK         1.0  PQ: 0 ANSI: 5
[    8.908229] e1000 0000:00:08.0 enp0s8: renamed from eth1
[    8.908334] random: systemd-udevd: uninitialized urandom read (16 bytes read)
[    8.908552] random: systemd-udevd: uninitialized urandom read (16 bytes read)
[    8.984354] random: systemd-udevd: uninitialized urandom read (16 bytes read)
[    9.144409] scsi target2:0:1: Beginning Domain Validation
[    9.301268] scsi target2:0:1: Domain Validation skipping write tests
[    9.302745] scsi target2:0:1: Ending Domain Validation
[    9.304052] scsi target2:0:1: asynchronous
[    9.309473] sd 2:0:0:0: [sda] 20971520 512-byte logical blocks: (10.7 GB/10.0 GiB)
[    9.311229] sd 2:0:0:0: Attached scsi generic sg0 type 0
[    9.448832] sd 2:0:0:0: [sda] Write Protect is off
[    9.458481] sd 2:0:1:0: Attached scsi generic sg1 type 0
[    9.793028] sd 2:0:0:0: [sda] Incomplete mode parameter data
[    9.955428] sd 2:0:1:0: [sdb] 20480 512-byte logical blocks: (10.5 MB/10.0 MiB)
[   10.088326] sd 2:0:0:0: [sda] Assuming drive cache: write through
[   10.088342] sd 2:0:1:0: [sdb] Write Protect is off
[   10.170599] sd 2:0:1:0: [sdb] Incomplete mode parameter data
[   10.172415] sd 2:0:1:0: [sdb] Assuming drive cache: write through
[   10.175978]  sda: sda1
[   10.177785] sd 2:0:0:0: [sda] Attached SCSI disk
[   10.180061] sd 2:0:1:0: [sdb] Attached SCSI disk
Begin: Loading essential drivers ... [   10.332087] raid6: sse2x1   gen() 11839 MB/s
[   10.424221] raid6: sse2x1   xor()  9146 MB/s
[   10.524565] raid6: sse2x2   gen() 14600 MB/s
[   10.616006] raid6: sse2x2   xor() 10594 MB/s
[   10.732308] raid6: sse2x4   gen() 16922 MB/s
[   10.828248] raid6: sse2x4   xor() 11098 MB/s
[   10.912233] raid6: avx2x1   gen() 24589 MB/s
[   11.016021] raid6: avx2x1   xor() 17619 MB/s
[   11.136261] raid6: avx2x2   gen() 27497 MB/s
[   11.240614] raid6: avx2x2   xor() 18757 MB/s
[   11.304104] raid6: avx2x4   gen() 29650 MB/s
[   11.352063] raid6: avx2x4   xor() 21157 MB/s
[   11.413881] raid6: using algorithm avx2x4 gen() 29650 MB/s
[   11.495560] raid6: .... xor() 21157 MB/s, rmw enabled
[   11.562238] raid6: using avx2x2 recovery algorithm
[   11.630283] xor: automatically using best checksumming function   avx       
[   11.783781] async_tx: api initialized (async)
done.
Begin: Running /scripts/init-premount ...[   11.870092] Btrfs loaded, crc32c=crc32c-intel
 done.
Begin: Mounting root file system ... Begin: Running /scripts/local-top ... done.
Begin: Running /scripts/local-premount ... Scanning for Btrfs filesystems
done.
Warning: fsck no[   11.967542] EXT4-fs (sda1): mounted filesystem with ordered data mode. Opts: (null)
t present, so skipping root file system
done.
Begin: Running /scripts/local-bottom ... done.
Begin: Running /scripts/init-bottom ... done.
[   12.263589] ip_tables: (C) 2000-2006 Netfilter Core Team
[   12.273280] systemd[1]: systemd 237 running in system mode. (+PAM +AUDIT +SELINUX +IMA +APPARMOR +SMACK +SYSVINIT +UTMP +LIBCRYPTSETUP +GCRYPT +GNUTLS +ACL +XZ +LZ4 +SECCOMP +BLKID +ELFUTILS +KMOD -IDN2 +IDN -PCRE2 default-hierarchy=hybrid)
[   12.278399] systemd[1]: Detected virtualization oracle.
[   12.279650] systemd[1]: Detected architecture x86-64.

Welcome to [1mUbuntu 18.04.1 LTS[0m!

[   12.318401] systemd[1]: Set hostname to <ubuntu-bionic>.
[   13.159848] systemd[1]: Created slice User and Session Slice.
[[0;32m  OK  [0m] Created slice User and Session Slice.
[   13.188386] systemd[1]: Reached target Swap.
[[0;32m  OK  [0m] Reached target Swap.
[   13.447743] systemd[1]: Reached target System Time Synchronized.
[[0;32m  OK  [0m] Reached target System Time Synchronized.
[   13.451254] systemd[1]: Started Forward Password Requests to Wall Directory Watch.
[[0;32m  OK  [0m] Started Forward Password Requests to Wall Directory Watch.
[   13.456805] systemd[1]: Set up automount Arbitrary Executable File Formats File System Automount Point.
[[0;32m  OK  [0m] Set up automount Arbitrary Executabâ€¦rmats File System Automount Point.
[   13.462037] systemd[1]: Created slice System Slice.
[[0;32m  OK  [0m] Created slice System Slice.
[[0;32m  OK  [0m] Listening on Device-mapper event daemon FIFOs.
[[0;32m  OK  [0m] Listening on Journal Audit Socket.
[[0;32m  OK  [0m] Listening on LVM2 poll daemon socket.
[[0;32m  OK  [0m] Listening on udev Kernel Socket.
[[0;32m  OK  [0m] Listening on udev Control Socket.
[[0;32m  OK  [0m] Reached target Slices.
[[0;32m  OK  [0m] Created slice system-serial\x2dgetty.slice.
[[0;32m  OK  [0m] Listening on /dev/initctl Compatibility Named Pipe.
[[0;32m  OK  [0m] Listening on LVM2 metadata daemon socket.
[[0;32m  OK  [0m] Listening on Syslog Socket.
[[0;32m  OK  [0m] Listening on Network Service Netlink Socket.
[[0;32m  OK  [0m] Listening on Journal Socket (/dev/log).
[[0;32m  OK  [0m] Listening on Journal Socket.
         Starting Monitoring of LVM2 mirrorsâ€¦ng dmeventd or progress polling...
         Starting Load Kernel Modules...
         Mounting Kernel Debug File System...
         Mounting Huge Pages File System...
         Mounting POSIX Message Queue File System...
         Starting Remount Root and Kernel File Systems...
         Starting Create list of required stâ€¦ce nodes for the current kernel...
         Starting Set the console keyboard layout...
         Starting udev Coldplug all Devices...
         Starting Uncomplicated firewall...
[[0;32m  OK  [0m] Reached target User and Group Name Lookups.
         Starting Journal Service...
[[0;32m  OK  [0m] Started LVM2[   13.557688] Loading iSCSI transport class v2.0-870.
 metadata daemon.
[[0;32m  OK  [0m] Mounted Kernel Debug File System.
[[0;32m  OK  [[   13.761198] iscsi: registered transport (tcp)
0m] Started Jour[   13.849532] EXT4-fs (sda1): re-mounted. Opts: (null)
nal Service.
[[0;32m  OK  [0m] Mounted Huge Pages File System.
[[0;32m  OK  [0m] Mounted POSIX Message Queue File System.
[[0;32m  OK  [0m] Started Monitoring of LVM2 mirrors,â€¦sing dmeventd or progress polling.
[[0;32m  OK  [0m] Started Remount Root and Kernel File Systems.
[[0;32m  OK  [0[   13.992839] iscsi: registered transport (iser)
m] Started Create list of required staâ€¦vice nodes for the current kernel.
[[0;32m  OK  [0m] Started Load Kernel Modules.
[[0;32m  OK  [0m] Started Set the console keyboard layout.
[[0;32m  OK  [0m] Started Uncomplicated firewall.
[[0;32m  OK  [0m] Started udev Coldplug all Devices.
         Starting Apply Kernel Variables...
         Mounting FUSE Control File System...
         Mounting Kernel Configuration File System...
         Starting Create Static Device Nodes in /dev...
         Starting Load/Save Random Seed...
         Starting Initial cloud-init job (pre-networking)...
         Starting Flush Journal to Persistent Storage...
[[0;32m  OK  [0m] Started Apply Kernel Variables.
[[0;32m  OK  [0m] Mounted FUSE Control File System.
[[0;32m  OK  [0m] Mounted Kernel Configuration File System.
[[0;32m  OK  [0m] Started Load/Save Random Seed.
[[0;32m  OK  [0m] Started Create Static Device Nodes in /dev.
[[0;32m  OK  [0m] Reached target Local File Systems (Pre).
[[0;32m  OK  [0m] Reached target Local File Systems.
         Starting Tell Plymouth To Write Out Runtime Data...
         Starting Set console font and keymap...
         Starting AppArmor initialization...
         Starting ebtables ruleset management...
         Starting udev Kernel Device Manager...
[[0;32m  OK  [0m] Started Tell Plymouth To Write Out Runtime Data.
[[0;32m  OK  [0m] Started Set console font and keymap.
[[0;32m  OK  [0m] Started udev Kernel Device Manager.
[[0;32m  OK  [0m] Started Dispatch Password Requests to Console Directory Watch.
[[0;32m  OK  [0m] Reached target Local Encrypted Volumes.
[[0;32m  OK  [0m] Started Flush Journal to Persistent Storage.
         Starting Create Volatile Files and Directories...
[[0;32m  OK  [0m] Started ebtables ruleset management.
[[0;32m  OK  [0m] Started Create Volatile Files and Directories.
         Starting Update UTMP about System Boot/Shutdown...
[[0;32m  OK  [0m] Started Update UTMP about System Boot/Shutdown.
[[0;32m  OK  [0m] Found device /dev/ttyS0.
[[0;32m  OK  [0m] Listening on Load/Save RF Kill Switch Status /dev/rfkill Watch.
[[0;32m  OK  [0m] Started AppArmor initialization.
[   15.842096] cloud-init[431]: Cloud-init v. 18.4-0ubuntu1~18.04.1 running 'init-local' at Wed, 16 Jan 2019 02:22:44 +0000. Up 15.65 seconds.
[[0;32m  OK  [0m] Started Initial cloud-init job (pre-networking).
[[0;32m  OK  [0m] Reached target Network (Pre).
         Starting Network Service...
[[0;32m  OK  [0m] Started Network Service.
         Starting Wait for Network to be Configured...
         Starting Network Name Resolution...
[[0;32m  OK  [0m] Started Network Name Resolution.
[[0;32m  OK  [0m] Reached target Network.
[[0;32m  OK  [0m] Reached target Host and Network Name Lookups.
[[0;32m  OK  [0m] Started Wait for Network to be Configured.
         Starting Initial cloud-init job (metadata service crawler)...
[   18.140914] cloud-init[714]: Cloud-init v. 18.4-0ubuntu1~18.04.1 running 'init' at Wed, 16 Jan 2019 02:22:46 +0000. Up 18.02 seconds.
[   18.193947] cloud-init[714]: ci-info: ++++++++++++++++++++++++++++++++++++++Net device info+++++++++++++++++++++++++++++++++++++++
[   18.206127] cloud-init[714]: ci-info: +--------+------+-----------------------------+---------------+--------+-------------------+
[   18.208680] cloud-init[714]: ci-info: | Device |  Up  |           Address           |      Mask     | Scope  |     Hw-Address    |
[   18.215981] cloud-init[714]: ci-info: +--------+------+-----------------------------+---------------+--------+-------------------+
[   18.219042] cloud-init[714]: ci-info: | enp0s3 | True |          10.0.2.15          | 255.255.255.0 | global | 02:2f:73:ea:27:92 |
[   18.221687] cloud-init[714]: ci-info: | enp0s3 | True |  fe80::2f:73ff:feea:2792/64 |       .       |  link  | 02:2f:73:ea:27:92 |
[   18.224284] cloud-init[714]: ci-info: | enp0s8 | True |        192.168.33.10        | 255.255.255.0 | global | 08:00:27:af:f0:b5 |
[   18.226851] cloud-init[714]: ci-info: | enp0s8 | True | fe80::a00:27ff:feaf:f0b5/64 |       .       |  link  | 08:00:27:af:f0:b5 |
[   18.229501] cloud-init[714]: ci-info: |   lo   | True |          127.0.0.1          |   255.0.0.0   |  host  |         .         |
[   18.232424] cloud-init[714]: ci-info: |   lo   | True |           ::1/128           |       .       |  host  |         .         |
[   18.236208] cloud-init[714]: ci-info: +--------+------+-----------------------------+---------------+--------+-------------------+
[   18.239055] cloud-init[714]: ci-info: +++++++++++++++++++++++++++++Route IPv4 info+++++++++++++++++++++++++++++
[   18.241814] cloud-init[714]: ci-info: +-------+--------------+----------+-----------------+-----------+-------+
[   18.244322] cloud-init[714]: ci-info: | Route | Destination  | Gateway  |     Genmask     | Interface | Flags |
[   18.251203] cloud-init[714]: ci-info: +-------+--------------+----------+-----------------+-----------+-------+
[   18.253410] cloud-init[714]: ci-info: |   0   |   0.0.0.0    | 10.0.2.2 |     0.0.0.0     |   enp0s3  |   UG  |
[   18.255526] cloud-init[714]: ci-info: |   1   |   10.0.2.0   | 0.0.0.0  |  255.255.255.0  |   enp0s3  |   U   |
[   18.257683] cloud-init[714]: ci-info: |   2   |   10.0.2.2   | 0.0.0.0  | 255.255.255.255 |   enp0s3  |   UH  |
[   18.259809] cloud-init[714]: ci-info: |   3   | 192.168.33.0 | 0.0.0.0  |  255.255.255.0  |   enp0s8  |   U   |
[   18.261943] cloud-init[714]: ci-info: +-------+--------------+----------+-----------------+-----------+-------+
[   18.276803] cloud-init[714]: ci-info: +++++++++++++++++++Route IPv6 info+++++++++++++++++++
[   18.278692] cloud-init[714]: ci-info: +-------+-------------+---------+-----------+-------+
[   18.306788] cloud-init[714]: ci-info: | Route | Destination | Gateway | Interface | Flags |
[   18.320488] cloud-init[714]: ci-info: +-------+-------------+---------+-----------+-------+
[   18.394730] cloud-init[714]: ci-info: |   1   |  fe80::/64  |    ::   |   enp0s8  |   U   |
[   18.448668] cloud-init[714]: ci-info: |   2   |  fe80::/64  |    ::   |   enp0s3  |   U   |
[   18.501096] cloud-init[714]: ci-info: |   4   |    local    |    ::   |   enp0s3  |   U   |
[   18.548696] cloud-init[714]: ci-info: |   5   |    local    |    ::   |   enp0s8  |   U   |
[   18.604892] cloud-init[714]: ci-info: |   6   |   ff00::/8  |    ::   |   enp0s8  |   U   |
[[0;32m  OK  [0m] Started Initial cloud-init job (metadata service crawler).
[[0;32m  OK  [0m] Reached target Cloud-config availability.
[[0;32m  OK  [0m] Reached target Network is Online.
[   18.667595] cloud-init[714]: ci-info: |   7   |   ff00::/8  |    ::   |   enp0s3  |   U   |
         Starting Availability of block devices...
[[0;32m  OK  [0m] Reached target Remote File Systems (Pre).
[[0;32m  OK  [0m] Reached target Remote File Systems.
[[0;32m  OK  [0m] Reached target System Initialization.
[   18.835105] cloud-init[714]: ci-info: +-------+-------------+---------+-----------+-------+
[[0;32m  OK  [0m] Listening on ACPID Listen Socket.
         Starting LXD - unix socket.
[[0;32m  OK  [0m] Listening on UUID daemon activation socket.
[[0;32m  OK  [0m] Started Daily apt download activities.
[[0;32m  OK  [0m] Started ACPI Events Check.
[[0;32m  OK  [0m] Listening on Open-iSCSI iscsid Socket.
[[0;32m  OK  [0m] Started Discard unused blocks once a week.
[[0;32m  OK  [0m] Listening on D-Bus System Message Bus Socket.
[[0;32m  OK  [0m] Started Message of the Day.
[[0;32m  OK  [0m] Reached target Paths.
[[0;32m  OK  [0m] Started Daily Cleanup of Temporary Directories.
         Starting Socket activation for snappy daemon.
[[0;32m  OK  [0m] Started Daily apt upgrade and clean activities.
[[0;32m  OK  [0m] Reached target Timers.
[[0;32m  OK  [0m] Started Availability of block devices.
[[0;32m  OK  [0m] Listening on LXD - unix socket.
[[0;32m  OK  [0m] Listening on Socket activation for snappy daemon.
[[0;32m  OK  [0m] Reached target Sockets.
[[0;32m  OK  [0m] Reached target Basic System.
         Starting LSB: Record successful boot for GRUB...
         Starting Login Service...
         Starting vboxadd.service...
         Starting OpenBSD Secure Shell server...
         Starting Permit User Sessions...
         Starting LXD - container startup/shutdown...
         Starting LSB: automatic crash report generation...
[[0;32m  OK  [0m] Started Deferred execution scheduler.
         Starting System Logging Service...
         Starting Snappy daemon...
[[0;32m  OK  [0m] Started D-Bus System Message Bus.
[[0;32m  OK  [0m] Started Login Service.
[[0;32m  OK  [0m] Started Unattended Upgrades Shutdown.
         Starting Accounts Service...
[[0;32m  OK  [0m] Started irqbalance daemon.
[[0;32m  OK  [0m] Started Regular background program processing daemon.
[[0;32m  OK  [0m] Started FUSE filesystem for LXC.
         Starting Dispatcher daemon for systemd-networkd...
[[0;32m  OK  [0m] Started System Logging Service.
[[0;32m  OK  [0m] Started Snappy daemon.
[[0;32m  OK  [0m] Started Permit User Sessions.
[[0;32m  OK  [0m] Started OpenBSD Secure Shell server.
[[0;32m  OK  [0m] Started LXD - container startup/shutdown.
         Starting Authorization Manager...
         Starting Terminate Plymouth Boot Screen...
         Starting Hold until boot process finishes up...
         Starting Wait until snapd is fully seeded...
[[0;32m  OK  [0m] Started vboxadd.service.
[[0;32m  OK  [0m] Started Terminate Plymouth Boot Screen.
[[0;32m  OK  [0m] Started Dispatcher daemon for systemd-networkd.
[[0;32m  OK  [0m] Started LSB: Record successful boot for GRUB.
[[0;32m  OK  [0m] Started LSB: automatic crash report generation.
[[0;32m  OK  [0m] Started Hold until boot process finishes up.
[[0;32m  OK  [0m] Started Wait until snapd is fully seeded.
[[0;32m  OK  [0m] Started Authorization Manager.
[[0;32m  OK  [0m] Started Accounts Service.
         Starting Apply the settings specified in cloud-config...
[[0;32m  OK  [0m] Started Serial Getty on ttyS0.
         Starting Set console scheme...
         Starting vboxadd-service.service...
[[0;32m  OK  [0m] Started Set console scheme.
[[0;32m  OK  [0m] Created slice system-getty.slice.
[[0;32m  OK  [0m] Started Getty on tty1.
[[0;32m  OK  [0m] Reached target Login Prompts.
[[0;32m  OK  [0m] Started vboxadd-service.service.
[[0;32m  OK  [0m] Reached target Multi-User System.
[[0;32m  OK  [0m] Reached target Graphical Interface.
         Starting Update UTMP about System Runlevel Changes...
[[0;32m  OK  [0m] Started Update UTMP about System Runlevel Changes.
[[0;32m  OK  [0m] Created slice User Slice of vagrant.
         Starting User Manager for UID 1000...
[[0;32m  OK  [0m] Started Session 1 of user vagrant.
[[0;32m  OK  [0m] Started User Manager for UID 1000.
[   20.540206] cloud-init[1188]: Cloud-init v. 18.4-0ubuntu1~18.04.1 running 'modules:config' at Wed, 16 Jan 2019 02:22:49 +0000. Up 20.44 seconds.
[[0;32m  OK  [0m] Started Apply the settings specified in cloud-config.
         Starting Execute cloud user/final scripts...
[   21.089066] cloud-init[1348]: Cloud-init v. 18.4-0ubuntu1~18.04.1 running 'modules:final' at Wed, 16 Jan 2019 02:22:49 +0000. Up 20.99 seconds.
[   21.158440] cloud-init[[0;32m  OK  [0m] Started Execute cloud user/final scripts.
         Starting Daily apt download activities...
[[0;32m  OK  [0m] Reached target Cloud-init target.
[1348]: Cloud-init v. 18.4-0ubuntu1~18.04.1 finished at Wed, 16 Jan 2019 02:22:49 +0000. Datasource DataSourceNoCloud [seed=/dev/sdb][dsmode=net].  Up 21.08 seconds
[[0;32m  OK  [0m] Stopped Wait for Network to be Configured.
         Stopping Network Service...
[[0;32m  OK  [0m] Stopped Network Service.
         Starting Network Service...
[[0;32m  OK  [0m] Started Network Service.
         Stopping User Manager for UID 1000...
[[0;32m  OK  [0m] Stopped User Manager for UID 1000.
[[0;32m  OK  [0m] Removed slice User Slice of vagrant.
[[0;32m  OK  [0m] Created slice User Slice of vagrant.
         Starting User Manager for UID 1000...
[[0;32m  OK  [0m] Started User Manager for UID 1000.

Ubuntu 18.04.1 LTS ubuntu-bionic ttyS0

ubuntu-bionic login: 